2026-04-08 12:59:35 | ERROR    | src.database.connection | Database connection failed: connection to server at "localhost" (127.0.0.1), port 5432 failed: FATAL:  password authentication failed for user "postgres"
connection to server at "localhost" (127.0.0.1), port 5432 failed: FATAL:  password authentication failed for user "postgres"

2026-04-08 13:03:03 | INFO     | src.database.migrate | Applied migration: 001_create_tables.sql
2026-04-08 13:03:03 | INFO     | src.database.migrate | All migrations applied successfully
2026-04-08 13:03:21 | INFO     | src.database.migrate | Applied migration: 001_create_tables.sql
2026-04-08 13:03:21 | INFO     | src.database.migrate | All migrations applied successfully
2026-04-08 13:03:44 | INFO     | main | === Starting iTunes Global Rankings scrape ===
2026-04-08 13:03:49 | INFO     | src.utils.http_client | Fetched [200] https://kworb.net/itunes/
2026-04-08 13:03:49 | INFO     | src.scrapers.itunes_scraper | Scraped 300 artist rankings from iTunes page
2026-04-08 13:03:49 | INFO     | src.database.repository | Saved 300 iTunes rankings to DB
2026-04-08 13:03:49 | INFO     | main | iTunes scrape complete: 300 rows saved
2026-04-08 13:04:05 | INFO     | main | === Starting iTunes Global Rankings scrape ===
2026-04-08 13:04:10 | INFO     | src.utils.http_client | Fetched [200] https://kworb.net/itunes/
2026-04-08 13:04:10 | INFO     | src.scrapers.itunes_scraper | Scraped 300 artist rankings from iTunes page
2026-04-08 13:04:10 | INFO     | src.database.repository | Saved 300 iTunes rankings to DB
2026-04-08 13:04:10 | INFO     | main | iTunes scrape complete: 300 rows saved
2026-04-08 13:04:10 | INFO     | main | === Starting Spotify Artists scrape ===
2026-04-08 13:04:19 | INFO     | src.utils.http_client | Fetched [200] https://kworb.net/spotify/artists.html
2026-04-08 13:04:20 | INFO     | src.scrapers.spotify_scraper | Scraped 3000 Spotify artists
2026-04-08 13:04:20 | INFO     | src.database.repository | Saved 3000 Spotify artists to DB
2026-04-08 13:04:20 | INFO     | main | Spotify scrape complete: 3000 rows saved
2026-04-08 13:04:20 | INFO     | main | === Starting Trending Artists (last month) scrape ===
2026-04-08 13:04:20 | INFO     | src.scrapers.trending_scraper | Scraping trending artists for month: 2026-03
2026-04-08 13:04:24 | INFO     | src.utils.http_client | Fetched [200] https://kworb.net/itunes/
2026-04-08 13:04:24 | INFO     | src.scrapers.itunes_scraper | Scraped 300 artist rankings from iTunes page
2026-04-08 13:04:24 | INFO     | src.scrapers.trending_scraper | Built 300 trending artist records for 2026-03
2026-04-08 13:04:24 | INFO     | src.database.repository | Saved 300 trending artist records to DB
2026-04-08 13:04:24 | INFO     | main | Trending scrape complete: 300 rows saved
2026-04-08 13:08:28 | INFO     | main | Scheduling daily scrape at 06:00 UTC ...
2026-04-08 13:08:28 | INFO     | main | Scheduler started. Press Ctrl+C to stop.
2026-04-08 13:09:02 | INFO     | main | Scheduling daily scrape at 06:00 UTC ...
2026-04-08 13:09:02 | INFO     | main | Scheduler started. Press Ctrl+C to stop.
2026-04-08 13:09:26 | INFO     | main | === Starting iTunes Global Rankings scrape ===
2026-04-08 13:09:30 | INFO     | src.utils.http_client | Fetched [200] https://kworb.net/itunes/
2026-04-08 13:09:30 | INFO     | src.scrapers.itunes_scraper | Scraped 300 artist rankings from iTunes page
2026-04-08 13:09:30 | INFO     | src.database.repository | Saved 300 iTunes rankings to DB
2026-04-08 13:09:30 | INFO     | main | iTunes scrape complete: 300 rows saved
2026-04-08 13:09:30 | INFO     | main | === Starting Spotify Artists scrape ===
2026-04-08 13:09:38 | INFO     | src.utils.http_client | Fetched [200] https://kworb.net/spotify/artists.html
2026-04-08 13:09:38 | INFO     | src.scrapers.spotify_scraper | Scraped 3000 Spotify artists
2026-04-08 13:09:39 | INFO     | src.database.repository | Saved 3000 Spotify artists to DB
2026-04-08 13:09:39 | INFO     | main | Spotify scrape complete: 3000 rows saved
2026-04-08 13:09:39 | INFO     | main | === Starting Trending Artists (last month) scrape ===
2026-04-08 13:09:39 | INFO     | src.scrapers.trending_scraper | Scraping trending artists for month: 2026-03
2026-04-08 13:09:42 | INFO     | src.utils.http_client | Fetched [200] https://kworb.net/itunes/
2026-04-08 13:09:42 | INFO     | src.scrapers.itunes_scraper | Scraped 300 artist rankings from iTunes page
2026-04-08 13:09:42 | INFO     | src.scrapers.trending_scraper | Built 300 trending artist records for 2026-03
2026-04-08 13:09:43 | INFO     | src.database.repository | Saved 300 trending artist records to DB
2026-04-08 13:09:43 | INFO     | main | Trending scrape complete: 300 rows saved
2026-04-08 13:14:24 | INFO     | main | Scheduling daily scrape at 06:00 UTC ...
2026-04-08 13:14:24 | INFO     | main | Scheduler started. Press Ctrl+C to stop.
2026-04-08 13:39:34 | INFO     | src.database.migrate | Applied migration: 001_create_tables.sql
2026-04-08 13:39:34 | INFO     | src.database.migrate | Applied migration: 002_create_artist_details.sql
2026-04-08 13:39:34 | INFO     | src.database.migrate | All migrations applied successfully
2026-04-08 13:39:34 | INFO     | main | === Starting Artist Details scrape ===
2026-04-08 13:39:56 | WARNING  | src.utils.http_client | Attempt 1/3 failed for https://kworb.net/itunes/: HTTPSConnectionPool(host='kworb.net', port=443): Max retries exceeded with url: /itunes/ (Caused by NameResolutionError("<urllib3.connection.HTTPSConnection object at 0x731dfb342870>: Failed to resolve 'kworb.net' ([Errno -3] Temporary failure in name resolution)"))
2026-04-08 13:40:21 | WARNING  | src.utils.http_client | Attempt 2/3 failed for https://kworb.net/itunes/: HTTPSConnectionPool(host='kworb.net', port=443): Max retries exceeded with url: /itunes/ (Caused by NameResolutionError("<urllib3.connection.HTTPSConnection object at 0x731dfb343560>: Failed to resolve 'kworb.net' ([Errno -3] Temporary failure in name resolution)"))
2026-04-08 13:40:47 | WARNING  | src.utils.http_client | Attempt 3/3 failed for https://kworb.net/itunes/: HTTPSConnectionPool(host='kworb.net', port=443): Max retries exceeded with url: /itunes/ (Caused by NameResolutionError("<urllib3.connection.HTTPSConnection object at 0x731dfb343bf0>: Failed to resolve 'kworb.net' ([Errno -3] Temporary failure in name resolution)"))
2026-04-08 13:40:47 | ERROR    | src.utils.http_client | All retries exhausted for https://kworb.net/itunes/
2026-04-08 13:40:47 | ERROR    | src.scrapers.itunes_scraper | Failed to fetch iTunes artist page
2026-04-08 13:40:47 | ERROR    | src.scrapers.artist_details_scraper | No artist rankings available for detail scraping
2026-04-08 13:40:47 | INFO     | src.database.repository | Saved 0 artist detail snapshots to DB
2026-04-08 13:40:47 | INFO     | main | Artist details scrape complete: 0 profiles saved
2026-04-08 13:49:45 | INFO     | main | === Starting Artist Details scrape ===
2026-04-08 13:49:51 | INFO     | src.utils.http_client | Fetched [200] https://kworb.net/itunes/
2026-04-08 13:49:51 | INFO     | src.scrapers.itunes_scraper | Scraped 300 artist rankings from iTunes page
2026-04-08 13:50:11 | INFO     | src.utils.http_client | Fetched [200] https://kworb.net/itunes/artist/bts.html
2026-04-08 13:50:12 | INFO     | src.scrapers.artist_details_scraper | Scraped artist details for BTS (23 songs, 5 albums, 39 countries)
2026-04-08 13:50:29 | INFO     | src.utils.http_client | Fetched [200] https://kworb.net/itunes/artist/badbunny.html
2026-04-08 13:50:30 | INFO     | src.scrapers.artist_details_scraper | Scraped artist details for Bad Bunny (23 songs, 3 albums, 32 countries)
2026-04-08 13:50:41 | INFO     | src.utils.http_client | Fetched [200] https://kworb.net/itunes/artist/taylorswift.html
2026-04-08 13:50:41 | INFO     | src.scrapers.artist_details_scraper | Scraped artist details for Taylor Swift (12 songs, 5 albums, 35 countries)
2026-04-08 13:50:41 | INFO     | src.scrapers.artist_details_scraper | Scraped 3 artist detail pages
2026-04-08 13:50:41 | INFO     | src.database.repository | Saved 3 artist detail snapshots to DB
2026-04-08 13:50:41 | INFO     | main | Artist details scrape complete: 3 profiles saved
2026-04-08 15:03:41 | INFO     | main | === Starting iTunes Global Rankings scrape ===
2026-04-08 15:03:44 | INFO     | src.utils.http_client | Fetched [200] https://kworb.net/itunes/
2026-04-08 15:03:44 | INFO     | src.scrapers.itunes_scraper | Scraped 300 artist rankings from iTunes page
2026-04-08 15:03:44 | INFO     | src.database.repository | Saved 300 iTunes rankings to DB
2026-04-08 15:03:44 | INFO     | main | iTunes scrape complete: 300 rows saved
2026-04-08 15:03:44 | INFO     | main | === Starting Spotify Artists scrape ===
2026-04-08 15:03:49 | INFO     | src.utils.http_client | Fetched [200] https://kworb.net/spotify/artists.html
2026-04-08 15:03:50 | INFO     | src.scrapers.spotify_scraper | Scraped 3000 Spotify artists
2026-04-08 15:03:51 | INFO     | src.database.repository | Saved 3000 Spotify artists to DB
2026-04-08 15:03:51 | INFO     | main | Spotify scrape complete: 3000 rows saved
2026-04-08 15:03:51 | INFO     | main | === Starting Trending Artists (last month) scrape ===
2026-04-08 15:03:51 | INFO     | src.scrapers.trending_scraper | Scraping trending artists for month: 2026-03
2026-04-08 15:03:54 | INFO     | src.utils.http_client | Fetched [200] https://kworb.net/itunes/
2026-04-08 15:03:55 | INFO     | src.scrapers.itunes_scraper | Scraped 300 artist rankings from iTunes page
2026-04-08 15:03:55 | INFO     | src.scrapers.trending_scraper | Built 300 trending artist records for 2026-03
2026-04-08 15:03:55 | INFO     | src.database.repository | Saved 300 trending artist records to DB
2026-04-08 15:03:55 | INFO     | main | Trending scrape complete: 300 rows saved
2026-04-08 15:03:55 | INFO     | main | === Starting Artist Details scrape ===
2026-04-08 15:03:58 | INFO     | src.utils.http_client | Fetched [200] https://kworb.net/itunes/
2026-04-08 15:03:58 | INFO     | src.scrapers.itunes_scraper | Scraped 300 artist rankings from iTunes page
2026-04-08 15:04:02 | INFO     | src.utils.http_client | Fetched [200] https://kworb.net/itunes/artist/bts.html
2026-04-08 15:04:02 | INFO     | src.scrapers.artist_details_scraper | Scraped artist details for BTS (23 songs, 5 albums, 39 countries)
2026-04-08 15:04:06 | INFO     | src.utils.http_client | Fetched [200] https://kworb.net/itunes/artist/badbunny.html
2026-04-08 15:04:06 | INFO     | src.scrapers.artist_details_scraper | Scraped artist details for Bad Bunny (23 songs, 3 albums, 32 countries)
2026-04-08 15:04:06 | INFO     | src.scrapers.artist_details_scraper | Scraped 2 artist detail pages
2026-04-08 15:04:06 | INFO     | src.database.repository | Saved 2 artist detail snapshots to DB
2026-04-08 15:04:06 | INFO     | main | Artist details scrape complete: 2 profiles saved
2026-04-08 15:23:00 | INFO     | src.database.migrate | Applied migration: 001_create_tables.sql
2026-04-08 15:23:00 | INFO     | src.database.migrate | Applied migration: 002_create_artist_details.sql
2026-04-08 15:23:00 | INFO     | src.database.migrate | All migrations applied successfully
2026-04-08 15:26:51 | INFO     | main | === Starting iTunes Global Rankings scrape ===
2026-04-08 15:26:55 | INFO     | src.utils.http_client | Fetched [200] https://kworb.net/itunes/
2026-04-08 15:26:55 | INFO     | src.scrapers.itunes_scraper | Scraped 300 artist rankings from iTunes page
2026-04-08 15:26:55 | INFO     | src.database.repository | Saved 300 iTunes rankings to DB
2026-04-08 15:26:55 | INFO     | main | iTunes scrape complete: 300 rows saved
2026-04-08 15:26:55 | INFO     | main | === Starting Spotify Artists scrape ===
2026-04-08 15:27:09 | INFO     | src.utils.http_client | Fetched [200] https://kworb.net/spotify/artists.html
2026-04-08 15:27:10 | INFO     | src.scrapers.spotify_scraper | Scraped 3000 Spotify artists
2026-04-08 15:27:11 | INFO     | src.database.repository | Saved 3000 Spotify artists to DB
2026-04-08 15:27:11 | INFO     | main | Spotify scrape complete: 3000 rows saved
2026-04-08 15:27:11 | INFO     | main | === Starting Trending Artists (last month) scrape ===
2026-04-08 15:27:11 | INFO     | src.scrapers.trending_scraper | Scraping trending artists for month: 2026-03
2026-04-08 15:27:14 | INFO     | src.utils.http_client | Fetched [200] https://kworb.net/itunes/
2026-04-08 15:27:14 | INFO     | src.scrapers.itunes_scraper | Scraped 300 artist rankings from iTunes page
2026-04-08 15:27:14 | INFO     | src.scrapers.trending_scraper | Built 300 trending artist records for 2026-03
2026-04-08 15:27:15 | INFO     | src.database.repository | Saved 300 trending artist records to DB
2026-04-08 15:27:15 | INFO     | main | Trending scrape complete: 300 rows saved
2026-04-08 15:27:15 | INFO     | main | === Starting Artist Details scrape ===
2026-04-08 15:27:18 | INFO     | src.utils.http_client | Fetched [200] https://kworb.net/itunes/
2026-04-08 15:27:18 | INFO     | src.scrapers.itunes_scraper | Scraped 300 artist rankings from iTunes page
2026-04-08 15:27:28 | INFO     | src.utils.http_client | Fetched [200] https://kworb.net/itunes/artist/bts.html
2026-04-08 15:27:28 | INFO     | src.scrapers.artist_details_scraper | Scraped artist details for BTS (23 songs, 5 albums, 39 countries)
2026-04-08 15:27:38 | INFO     | src.utils.http_client | Fetched [200] https://kworb.net/itunes/artist/badbunny.html
2026-04-08 15:27:38 | INFO     | src.scrapers.artist_details_scraper | Scraped artist details for Bad Bunny (23 songs, 3 albums, 32 countries)
2026-04-08 15:27:47 | INFO     | src.utils.http_client | Fetched [200] https://kworb.net/itunes/artist/taylorswift.html
2026-04-08 15:27:48 | INFO     | src.scrapers.artist_details_scraper | Scraped artist details for Taylor Swift (13 songs, 5 albums, 35 countries)
2026-04-08 15:27:54 | INFO     | src.utils.http_client | Fetched [200] https://kworb.net/itunes/artist/kanyewest.html
2026-04-08 15:27:54 | INFO     | src.scrapers.artist_details_scraper | Scraped artist details for Kanye West (12 songs, 4 albums, 39 countries)
2026-04-08 15:27:59 | INFO     | src.utils.http_client | Fetched [200] https://kworb.net/itunes/artist/oliviadean.html
2026-04-08 15:27:59 | INFO     | src.scrapers.artist_details_scraper | Scraped artist details for Olivia Dean (5 songs, 1 albums, 35 countries)
2026-04-08 15:28:07 | INFO     | src.utils.http_client | Fetched [200] https://kworb.net/itunes/artist/brunomars.html
2026-04-08 15:28:07 | INFO     | src.scrapers.artist_details_scraper | Scraped artist details for Bruno Mars (7 songs, 2 albums, 35 countries)
2026-04-08 15:28:12 | INFO     | src.utils.http_client | Fetched [200] https://kworb.net/itunes/artist/omarcourtz.html
2026-04-08 15:28:12 | INFO     | src.scrapers.artist_details_scraper | Scraped artist details for Omar Courtz (11 songs, 1 albums, 8 countries)
2026-04-08 15:28:18 | INFO     | src.utils.http_client | Fetched [200] https://kworb.net/itunes/artist/raye.html
2026-04-08 15:28:18 | INFO     | src.scrapers.artist_details_scraper | Scraped artist details for RAYE (5 songs, 1 albums, 36 countries)
2026-04-08 15:28:24 | INFO     | src.utils.http_client | Fetched [200] https://kworb.net/itunes/artist/alexwarren.html
2026-04-08 15:28:24 | INFO     | src.scrapers.artist_details_scraper | Scraped artist details for Alex Warren (2 songs, 1 albums, 28 countries)
2026-04-08 15:28:30 | INFO     | src.utils.http_client | Fetched [200] https://kworb.net/itunes/artist/harrystyles.html
2026-04-08 15:28:31 | INFO     | src.scrapers.artist_details_scraper | Scraped artist details for Harry Styles (5 songs, 1 albums, 31 countries)
2026-04-08 15:28:31 | INFO     | src.scrapers.artist_details_scraper | Scraped 10 artist detail pages
2026-04-08 15:28:31 | INFO     | src.database.repository | Saved 10 artist detail snapshots to DB
2026-04-08 15:28:31 | INFO     | main | Artist details scrape complete: 10 profiles saved
2026-04-08 15:39:22 | INFO     | main | === Starting Artist Details scrape ===
2026-04-08 15:39:27 | INFO     | src.utils.http_client | Fetched [200] https://kworb.net/itunes/
2026-04-08 15:39:27 | INFO     | src.scrapers.itunes_scraper | Scraped 300 artist rankings from iTunes page
2026-04-08 15:39:38 | INFO     | src.utils.http_client | Fetched [200] https://kworb.net/itunes/artist/bts.html
2026-04-08 15:39:39 | INFO     | src.scrapers.artist_details_scraper | Scraped artist details for BTS (23 songs, 5 albums, 6 Latin American countries)
2026-04-08 15:39:39 | INFO     | src.scrapers.artist_details_scraper | Scraped 1 artist detail pages
2026-04-08 15:39:39 | INFO     | src.database.repository | Saved 1 artist detail snapshots to DB
2026-04-08 15:39:39 | INFO     | main | Artist details scrape complete: 1 profiles saved
2026-04-08 15:40:23 | INFO     | src.utils.http_client | Fetched [200] https://kworb.net/itunes/
2026-04-08 15:40:23 | INFO     | src.scrapers.itunes_scraper | Scraped 300 artist rankings from iTunes page
2026-04-08 15:40:30 | INFO     | src.utils.http_client | Fetched [200] https://kworb.net/itunes/artist/bts.html
2026-04-08 15:40:31 | INFO     | src.scrapers.artist_details_scraper | Scraped artist details for BTS (23 songs, 5 albums, 6 Latin American countries)
2026-04-08 15:40:31 | INFO     | src.scrapers.artist_details_scraper | Scraped 1 artist detail pages
2026-04-08 15:41:22 | INFO     | src.utils.http_client | Fetched [200] https://kworb.net/itunes/
2026-04-08 15:41:22 | INFO     | src.scrapers.itunes_scraper | Scraped 300 artist rankings from iTunes page
2026-04-08 15:41:28 | INFO     | src.utils.http_client | Fetched [200] https://kworb.net/itunes/artist/bts.html
2026-04-08 15:41:28 | INFO     | src.scrapers.artist_details_scraper | Scraped artist details for BTS (23 songs, 5 albums, 6 Latin American countries)
2026-04-08 15:41:28 | INFO     | src.scrapers.artist_details_scraper | Scraped 1 artist detail pages
2026-04-08 15:41:28 | INFO     | src.database.repository | Saved 1 artist detail snapshots to DB
2026-04-08 15:41:56 | INFO     | main | === Starting Artist Details scrape ===
2026-04-08 15:41:59 | INFO     | src.utils.http_client | Fetched [200] https://kworb.net/itunes/
2026-04-08 15:42:00 | INFO     | src.scrapers.itunes_scraper | Scraped 300 artist rankings from iTunes page
2026-04-08 15:42:07 | INFO     | src.utils.http_client | Fetched [200] https://kworb.net/itunes/artist/bts.html
2026-04-08 15:42:08 | INFO     | src.scrapers.artist_details_scraper | Scraped artist details for BTS (23 songs, 5 albums, 6 Latin American countries)
2026-04-08 15:42:08 | INFO     | src.scrapers.artist_details_scraper | Scraped 1 artist detail pages
2026-04-08 15:42:08 | INFO     | src.database.repository | Saved 1 artist detail snapshots to DB
2026-04-08 15:42:08 | INFO     | main | Artist details scrape complete: 1 profiles saved
2026-04-08 15:42:35 | INFO     | main | Scheduling daily scrape at 06:00 UTC ...
2026-04-08 15:42:35 | INFO     | main | Scheduler started. Press Ctrl+C to stop.
2026-04-08 15:42:44 | INFO     | main | Scheduling daily scrape at 06:00 UTC ...
2026-04-08 15:42:44 | INFO     | main | Scheduler started. Press Ctrl+C to stop.
2026-04-08 15:47:26 | INFO     | main | Scheduling daily scrape at 06:00 UTC ...
2026-04-08 15:47:26 | INFO     | main | Scheduler started. Press Ctrl+C to stop.
